> Task :app:preBuild UP-TO-DATE
> Task :app:preDebugBuild UP-TO-DATE
> Task :app:mergeDebugNativeDebugMetadata NO-SOURCE
> Task :app:checkKotlinGradlePluginConfigurationErrors SKIPPED
> Task :app:generateDebugBuildConfig UP-TO-DATE
> Task :app:checkDebugAarMetadata UP-TO-DATE
> Task :app:generateDebugResValues UP-TO-DATE
> Task :app:injectCrashlyticsMappingFileIdDebug UP-TO-DATE
> Task :app:processDebugGoogleServices UP-TO-DATE
> Task :app:mapDebugSourceSetPaths UP-TO-DATE
> Task :app:generateDebugResources UP-TO-DATE
> Task :app:mergeDebugResources UP-TO-DATE
> Task :app:packageDebugResources UP-TO-DATE
> Task :app:parseDebugLocalResources UP-TO-DATE
> Task :app:createDebugCompatibleScreenManifests UP-TO-DATE
> Task :app:extractDeepLinksDebug UP-TO-DATE
> Task :app:processDebugMainManifest UP-TO-DATE
> Task :app:processDebugManifest UP-TO-DATE
> Task :app:processDebugManifestForPackage UP-TO-DATE
> Task :app:processDebugResources UP-TO-DATE
> Task :app:javaPreCompileDebug UP-TO-DATE
> Task :app:mergeDebugShaders UP-TO-DATE
> Task :app:compileDebugShaders NO-SOURCE
> Task :app:generateDebugAssets UP-TO-DATE
> Task :app:mergeDebugAssets UP-TO-DATE
> Task :app:compressDebugAssets UP-TO-DATE
> Task :app:desugarDebugFileDependencies UP-TO-DATE
> Task :app:checkDebugDuplicateClasses UP-TO-DATE
> Task :app:mergeExtDexDebug UP-TO-DATE
> Task :app:mergeLibDexDebug UP-TO-DATE
> Task :app:mergeDebugJniLibFolders UP-TO-DATE
> Task :app:mergeDebugNativeLibs UP-TO-DATE
> Task :app:stripDebugDebugSymbols UP-TO-DATE
> Task :app:validateSigningDebug UP-TO-DATE
> Task :app:writeDebugAppMetadata UP-TO-DATE
> Task :app:writeDebugSigningConfigVersions UP-TO-DATE

> Task :app:kspDebugKotlin FAILED
./gradlew : e: file:
///C:/Users/ghaza/On
eDrive/Desktop/Proje
ct2025/WallCorePro/a
pp/src/main/java/com
/offline/wallcorepro
/ui/detail/DetailScr
een.kt:164:17 
Expecting an element
At line:1 char:1
+ ./gradlew 
assembleDebug --no-c
onfiguration-cache 
--console=plain > 
bu ...
+ ~~~~~~~~~~~~~~~~~~
~~~~~~~~~~~~~~~~~~~~
~~~~~~~~~~~~~~~~~~~~
~~~~~~~~~~~
    + CategoryInfo  
            : NotS  
  pecified: (e: f   
 ile:///C:/U...t    
ing an element:    
String) [], Rem    
oteException
    + FullyQualifie 
   dErrorId : Nati  
  veCommandError
 
e: file:///C:/Users/
ghaza/OneDrive/Deskt
op/Project2025/WallC
orePro/app/src/main/
java/com/offline/wal
lcorepro/ui/detail/D
etailScreen.kt:179:1
4 Expecting ','
e: file:///C:/Users/
ghaza/OneDrive/Deskt
op/Project2025/WallC
orePro/app/src/main/
java/com/offline/wal
lcorepro/ui/detail/D
etailScreen.kt:198:4
7 Expecting ')'
e: file:///C:/Users/
ghaza/OneDrive/Deskt
op/Project2025/WallC
orePro/app/src/main/
java/com/offline/wal
lcorepro/ui/detail/D
etailScreen.kt:493:2
 Expecting '}'

[Incubating] Problems report is available at: file:///C:/Users/ghaza/OneDrive/Desktop/Project2025/WallCorePro/build/reports/problems/problems-report.html

FAILURE: Build 
failed with an 
exception.

* What went wrong:
Execution failed 
for task ':app:kspDe
bugKotlin'.
> A failure 
occurred while 
executing org.jetbra
ins.kotlin.compilerR
unner.GradleCompiler
RunnerWithWorkers$Gr
adleKotlinCompilerWo
rkAction

Deprecated Gradle features were used in this build, making it incompatible with Gradle 10.

You can use '--warning-mode all' to show the individual deprecation warnings and determine if they come from your own scripts or plugins.

For more on this, please refer to https://docs.gradle.org/9.2.1/userguide/command_line_interface.html#sec:command_line_warnings in the Gradle documentation.
31 actionable tasks: 1 executed, 30 up-to-date
   > Compilation 
error. See log for 
more details

* Try:
> Run with 
--stacktrace option 
to get the stack 
trace.
> Run with --info 
or --debug option 
to get more log 
output.
> Run with --scan 
to generate a Build 
Scan (powered by 
Develocity).
> Get more help at h
ttps://help.gradle.o
rg.

BUILD FAILED in 24s
