> Task :app:clean
> Task :app:preBuild UP-TO-DATE
> Task :app:preDebugBuild UP-TO-DATE
> Task :app:mergeDebugNativeDebugMetadata NO-SOURCE
> Task :app:checkKotlinGradlePluginConfigurationErrors SKIPPED
> Task :app:generateDebugBuildConfig FROM-CACHE
> Task :app:generateDebugResValues FROM-CACHE
> Task :app:checkDebugAarMetadata
> Task :app:injectCrashlyticsMappingFileIdDebug
> Task :app:processDebugGoogleServices FROM-CACHE
> Task :app:mapDebugSourceSetPaths
> Task :app:generateDebugResources FROM-CACHE
> Task :app:mergeDebugResources FROM-CACHE
> Task :app:packageDebugResources FROM-CACHE
> Task :app:parseDebugLocalResources FROM-CACHE
> Task :app:createDebugCompatibleScreenManifests
> Task :app:extractDeepLinksDebug FROM-CACHE
> Task :app:processDebugMainManifest FROM-CACHE
> Task :app:processDebugManifest FROM-CACHE
> Task :app:processDebugManifestForPackage FROM-CACHE
> Task :app:processDebugResources FROM-CACHE
> Task :app:kspDebugKotlin FROM-CACHE
> Task :app:mergeDebugShaders
> Task :app:compileDebugShaders NO-SOURCE
> Task :app:generateDebugAssets UP-TO-DATE
> Task :app:javaPreCompileDebug
> Task :app:mergeDebugAssets
> Task :app:compressDebugAssets
> Task :app:desugarDebugFileDependencies
> Task :app:mergeDebugJniLibFolders
> Task :app:checkDebugDuplicateClasses
> Task :app:mergeDebugNativeLibs
> Task :app:compileDebugKotlin
> Task :app:mergeExtDexDebug

> Task :app:compileDebugKotlin FAILED
./gradlew : e: file:///C:
/Users/ghaza/OneDrive/Des
ktop/Project2025/WallCore
Pro/app/src/main/java/com
/offline/wallcorepro/ui/d
etail/DetailScreen.kt:74:
17 Argument type 
mismatch: actual type is 
'android.content.Context'
, but 
'android.app.Activity' 
was expected.
At line:1 char:1
+ ./gradlew clean 
assembleDebug 
--no-configuration-cache 
> build_output ...
+ ~~~~~~~~~~~~~~~~~~~~~~~
~~~~~~~~~~~~~~~~~~~~~~~~~
~~~~~~~~~~~~~~~~~~~~~
    + CategoryInfo       
       : NotSpecified:   
  (e: file:///C:/U...'   
  was expected.:Strin    
g) [], RemoteExcepti    
on
    + FullyQualifiedErro 
   rId : NativeCommandE  
  rror
 

[Incubating] Problems report is available at: file:///C:/Users/ghaza/OneDrive/Desktop/Project2025/WallCorePro/build/reports/problems/problems-report.html

FAILURE: Build failed 
with an exception.

* What went wrong:
Execution failed for 
task ':app:compileDebugKo
tlin'.
> A failure occurred 
while executing org.jetbr
ains.kotlin.compilerRunne
r.GradleCompilerRunnerWit
hWorkers$GradleKotlinComp
ilerWorkAction
   > Compilation error. 
See log for more details

* Try:
> Run with --stacktrace 
option to get the stack 
trace.
> Run with --info or 
--debug option to get 
more log output.
> Run with --scan to 
generate a Build Scan 
(powered by Develocity).
> Get more help at 
https://help.gradle.org.

Deprecated Gradle features were used in this build, making it incompatible with Gradle 10.

You can use '--warning-mode all' to show the individual deprecation warnings and determine if they come from your own scripts or plugins.

For more on this, please refer to https://docs.gradle.org/9.2.1/userguide/command_line_interface.html#sec:command_line_warnings in the Gradle documentation.

BUILD FAILED in 3m 24s
28 actionable tasks: 15 executed, 13 from cache
